Clock to Output Times report for alu_mem
Wed Jan 20 18:05:17 2021
Quartus II 64-Bit Version 10.1 Build 197 01/19/2011 Service Pack 1 SJ Full Version


---------------------
; Table of Contents ;
---------------------
  1. Legal Notice
  2. Clock to Output Times



----------------
; Legal Notice ;
----------------
Copyright (C) 1991-2011 Altera Corporation
Your use of Altera Corporation's design tools, logic functions 
and other software and tools, and its AMPP partner logic 
functions, and any output files from any of the foregoing 
(including device programming or simulation files), and any 
associated documentation or information are expressly subject 
to the terms and conditions of the Altera Program License 
Subscription Agreement, Altera MegaCore Function License 
Agreement, or other applicable license agreement, including, 
without limitation, that your use is for the sole purpose of 
programming logic devices manufactured by Altera and sold by 
Altera or its authorized distributors.  Please refer to the 
applicable agreement for further details.



+-------------------------------------------------------------------------------+
; Clock to Output Times                                                         ;
+-----------------+------------+--------+--------+------------+-----------------+
; Data Port       ; Clock Port ; Rise   ; Fall   ; Clock Edge ; Clock Reference ;
+-----------------+------------+--------+--------+------------+-----------------+
; bs_data_out[*]  ; clk        ; 11.828 ; 11.828 ; Rise       ; clk             ;
;  bs_data_out[0] ; clk        ; 11.788 ; 11.788 ; Rise       ; clk             ;
;  bs_data_out[1] ; clk        ; 9.871  ; 9.871  ; Rise       ; clk             ;
;  bs_data_out[2] ; clk        ; 11.761 ; 11.761 ; Rise       ; clk             ;
;  bs_data_out[3] ; clk        ; 11.556 ; 11.556 ; Rise       ; clk             ;
;  bs_data_out[4] ; clk        ; 11.174 ; 11.174 ; Rise       ; clk             ;
;  bs_data_out[5] ; clk        ; 10.256 ; 10.256 ; Rise       ; clk             ;
;  bs_data_out[6] ; clk        ; 11.828 ; 11.828 ; Rise       ; clk             ;
;  bs_data_out[7] ; clk        ; 9.612  ; 9.612  ; Rise       ; clk             ;
; ds_data_out[*]  ; clk        ; 12.115 ; 12.115 ; Rise       ; clk             ;
;  ds_data_out[0] ; clk        ; 12.027 ; 12.027 ; Rise       ; clk             ;
;  ds_data_out[1] ; clk        ; 12.115 ; 12.115 ; Rise       ; clk             ;
;  ds_data_out[2] ; clk        ; 11.852 ; 11.852 ; Rise       ; clk             ;
;  ds_data_out[3] ; clk        ; 11.746 ; 11.746 ; Rise       ; clk             ;
;  ds_data_out[4] ; clk        ; 9.651  ; 9.651  ; Rise       ; clk             ;
;  ds_data_out[5] ; clk        ; 11.855 ; 11.855 ; Rise       ; clk             ;
;  ds_data_out[6] ; clk        ; 11.763 ; 11.763 ; Rise       ; clk             ;
;  ds_data_out[7] ; clk        ; 11.686 ; 11.686 ; Rise       ; clk             ;
+-----------------+------------+--------+--------+------------+-----------------+


