Analysis & Synthesis report for disciple_circuit
Mon Jul 18 21:42:17 2022
Quartus Prime Version 18.1.0 Build 625 09/12/2018 SJ Standard Edition


---------------------
; Table of Contents ;
---------------------
  1. Legal Notice
  2. Analysis & Synthesis Summary
  3. Analysis & Synthesis Settings
  4. Parallel Compilation
  5. Analysis & Synthesis Source Files Read
  6. Analysis & Synthesis Resource Usage Summary
  7. Analysis & Synthesis Resource Utilization by Entity
  8. State Machine - |disciple_circuit|fsm_disc:control|state
  9. General Register Statistics
 10. Multiplexer Restructuring Statistics (Restructuring Performed)
 11. Parameter Settings for User Entity Instance: disc_datapath:data
 12. Parameter Settings for User Entity Instance: disc_datapath:data|num_gen_disc:n_g
 13. Parameter Settings for User Entity Instance: disc_datapath:data|num_gen_disc:n_g|rand_num_disc:rand_num_discber_gen
 14. Parameter Settings for User Entity Instance: disc_datapath:data|num_gen_disc:n_g|rand_num_disc:rand_num_discber_gen|lfsr:L0|d_reg:\R1:11:com_xor:D0
 15. Parameter Settings for User Entity Instance: disc_datapath:data|num_gen_disc:n_g|rand_num_disc:rand_num_discber_gen|lfsr:L0|d_reg:\R1:10:com_xor:D0
 16. Parameter Settings for User Entity Instance: disc_datapath:data|num_gen_disc:n_g|rand_num_disc:rand_num_discber_gen|lfsr:L0|d_reg:\R1:9:sem_xor:D1
 17. Parameter Settings for User Entity Instance: disc_datapath:data|num_gen_disc:n_g|rand_num_disc:rand_num_discber_gen|lfsr:L0|d_reg:\R1:8:com_xor:D0
 18. Parameter Settings for User Entity Instance: disc_datapath:data|num_gen_disc:n_g|rand_num_disc:rand_num_discber_gen|lfsr:L0|d_reg:\R1:7:sem_xor:D1
 19. Parameter Settings for User Entity Instance: disc_datapath:data|num_gen_disc:n_g|rand_num_disc:rand_num_discber_gen|lfsr:L0|d_reg:\R1:6:com_xor:D0
 20. Parameter Settings for User Entity Instance: disc_datapath:data|num_gen_disc:n_g|rand_num_disc:rand_num_discber_gen|lfsr:L0|d_reg:\R1:5:sem_xor:D1
 21. Parameter Settings for User Entity Instance: disc_datapath:data|num_gen_disc:n_g|rand_num_disc:rand_num_discber_gen|lfsr:L0|d_reg:\R1:4:com_xor:D0
 22. Parameter Settings for User Entity Instance: disc_datapath:data|num_gen_disc:n_g|rand_num_disc:rand_num_discber_gen|lfsr:L0|d_reg:\R1:3:sem_xor:D1
 23. Parameter Settings for User Entity Instance: disc_datapath:data|num_gen_disc:n_g|rand_num_disc:rand_num_discber_gen|lfsr:L0|d_reg:\R1:2:sem_xor:D1
 24. Parameter Settings for User Entity Instance: disc_datapath:data|num_gen_disc:n_g|rand_num_disc:rand_num_discber_gen|lfsr:L0|d_reg:\R1:1:com_xor:D0
 25. Parameter Settings for User Entity Instance: disc_datapath:data|num_gen_disc:n_g|rand_num_disc:rand_num_discber_gen|lfsr:L0|d_reg:\R1:0:zero:D2
 26. Parameter Settings for User Entity Instance: disc_datapath:data|reg_bank_disc:rb
 27. Parameter Settings for User Entity Instance: disc_datapath:data|reg_bank_disc:rb|reg:reg_DISC
 28. Parameter Settings for User Entity Instance: disc_datapath:data|reg_bank_disc:rb|reg:reg_PREV_DISC
 29. Parameter Settings for User Entity Instance: disc_datapath:data|alu:alu_1
 30. Parameter Settings for User Entity Instance: disc_datapath:data|alu:alu_1|rc_adder:add
 31. Port Connectivity Checks: "disc_datapath:data|alu:alu_1|rc_adder:add"
 32. Port Connectivity Checks: "disc_datapath:data|alu:alu_1"
 33. Port Connectivity Checks: "disc_datapath:data|reg_bank_disc:rb"
 34. Port Connectivity Checks: "disc_datapath:data|num_gen_disc:n_g|rand_num_disc:rand_num_discber_gen|lfsr:L0|d_reg:\R1:0:zero:D2"
 35. Port Connectivity Checks: "disc_datapath:data|num_gen_disc:n_g|rand_num_disc:rand_num_discber_gen|lfsr:L0|d_reg:\R1:1:com_xor:D0"
 36. Port Connectivity Checks: "disc_datapath:data|num_gen_disc:n_g|rand_num_disc:rand_num_discber_gen|lfsr:L0|d_reg:\R1:2:sem_xor:D1"
 37. Port Connectivity Checks: "disc_datapath:data|num_gen_disc:n_g|rand_num_disc:rand_num_discber_gen|lfsr:L0|d_reg:\R1:3:sem_xor:D1"
 38. Port Connectivity Checks: "disc_datapath:data|num_gen_disc:n_g|rand_num_disc:rand_num_discber_gen|lfsr:L0|d_reg:\R1:4:com_xor:D0"
 39. Port Connectivity Checks: "disc_datapath:data|num_gen_disc:n_g|rand_num_disc:rand_num_discber_gen|lfsr:L0|d_reg:\R1:5:sem_xor:D1"
 40. Port Connectivity Checks: "disc_datapath:data|num_gen_disc:n_g|rand_num_disc:rand_num_discber_gen|lfsr:L0|d_reg:\R1:6:com_xor:D0"
 41. Port Connectivity Checks: "disc_datapath:data|num_gen_disc:n_g|rand_num_disc:rand_num_discber_gen|lfsr:L0|d_reg:\R1:7:sem_xor:D1"
 42. Port Connectivity Checks: "disc_datapath:data|num_gen_disc:n_g|rand_num_disc:rand_num_discber_gen|lfsr:L0|d_reg:\R1:8:com_xor:D0"
 43. Port Connectivity Checks: "disc_datapath:data|num_gen_disc:n_g|rand_num_disc:rand_num_discber_gen|lfsr:L0|d_reg:\R1:9:sem_xor:D1"
 44. Port Connectivity Checks: "disc_datapath:data|num_gen_disc:n_g|rand_num_disc:rand_num_discber_gen|lfsr:L0|d_reg:\R1:10:com_xor:D0"
 45. Port Connectivity Checks: "disc_datapath:data|num_gen_disc:n_g|rand_num_disc:rand_num_discber_gen|lfsr:L0|d_reg:\R1:11:com_xor:D0"
 46. Port Connectivity Checks: "disc_datapath:data|num_gen_disc:n_g|rand_num_disc:rand_num_discber_gen|lfsr:L0"
 47. Post-Synthesis Netlist Statistics for Top Partition
 48. Elapsed Time Per Partition
 49. Analysis & Synthesis Messages



----------------
; Legal Notice ;
----------------
Copyright (C) 2018  Intel Corporation. All rights reserved.
Your use of Intel Corporation's design tools, logic functions 
and other software and tools, and its AMPP partner logic 
functions, and any output files from any of the foregoing 
(including device programming or simulation files), and any 
associated documentation or information are expressly subject 
to the terms and conditions of the Intel Program License 
Subscription Agreement, the Intel Quartus Prime License Agreement,
the Intel FPGA IP License Agreement, or other applicable license
agreement, including, without limitation, that your use is for
the sole purpose of programming logic devices manufactured by
Intel and sold by Intel or its authorized distributors.  Please
refer to the applicable agreement for further details.



+-----------------------------------------------------------------------------------+
; Analysis & Synthesis Summary                                                      ;
+---------------------------------+-------------------------------------------------+
; Analysis & Synthesis Status     ; Successful - Mon Jul 18 21:42:16 2022           ;
; Quartus Prime Version           ; 18.1.0 Build 625 09/12/2018 SJ Standard Edition ;
; Revision Name                   ; disciple_circuit                                ;
; Top-level Entity Name           ; disciple_circuit                                ;
; Family                          ; Cyclone V                                       ;
; Logic utilization (in ALMs)     ; N/A                                             ;
; Total registers                 ; 41                                              ;
; Total pins                      ; 35                                              ;
; Total virtual pins              ; 0                                               ;
; Total block memory bits         ; 0                                               ;
; Total DSP Blocks                ; 0                                               ;
; Total HSSI RX PCSs              ; 0                                               ;
; Total HSSI PMA RX Deserializers ; 0                                               ;
; Total HSSI TX PCSs              ; 0                                               ;
; Total HSSI PMA TX Serializers   ; 0                                               ;
; Total PLLs                      ; 0                                               ;
; Total DLLs                      ; 0                                               ;
+---------------------------------+-------------------------------------------------+


+---------------------------------------------------------------------------------------------------------------------------+
; Analysis & Synthesis Settings                                                                                             ;
+---------------------------------------------------------------------------------+--------------------+--------------------+
; Option                                                                          ; Setting            ; Default Value      ;
+---------------------------------------------------------------------------------+--------------------+--------------------+
; Device                                                                          ; 5CGXFC7C7F23C8     ;                    ;
; Top-level entity name                                                           ; disciple_circuit   ; disciple_circuit   ;
; Family name                                                                     ; Cyclone V          ; Cyclone V          ;
; Use smart compilation                                                           ; Off                ; Off                ;
; Enable parallel Assembler and Timing Analyzer during compilation                ; On                 ; On                 ;
; Enable compact report table                                                     ; Off                ; Off                ;
; Restructure Multiplexers                                                        ; Auto               ; Auto               ;
; MLAB Add Timing Constraints For Mixed-Port Feed-Through Mode Setting Don't Care ; Off                ; Off                ;
; Create Debugging Nodes for IP Cores                                             ; Off                ; Off                ;
; Preserve fewer node names                                                       ; On                 ; On                 ;
; Intel FPGA IP Evaluation Mode                                                   ; Enable             ; Enable             ;
; Verilog Version                                                                 ; Verilog_2001       ; Verilog_2001       ;
; VHDL Version                                                                    ; VHDL_1993          ; VHDL_1993          ;
; State Machine Processing                                                        ; Auto               ; Auto               ;
; Safe State Machine                                                              ; Off                ; Off                ;
; Extract Verilog State Machines                                                  ; On                 ; On                 ;
; Extract VHDL State Machines                                                     ; On                 ; On                 ;
; Ignore Verilog initial constructs                                               ; Off                ; Off                ;
; Iteration limit for constant Verilog loops                                      ; 5000               ; 5000               ;
; Iteration limit for non-constant Verilog loops                                  ; 250                ; 250                ;
; Add Pass-Through Logic to Inferred RAMs                                         ; On                 ; On                 ;
; Infer RAMs from Raw Logic                                                       ; On                 ; On                 ;
; Parallel Synthesis                                                              ; On                 ; On                 ;
; DSP Block Balancing                                                             ; Auto               ; Auto               ;
; NOT Gate Push-Back                                                              ; On                 ; On                 ;
; Power-Up Don't Care                                                             ; On                 ; On                 ;
; Remove Redundant Logic Cells                                                    ; Off                ; Off                ;
; Remove Duplicate Registers                                                      ; On                 ; On                 ;
; Ignore CARRY Buffers                                                            ; Off                ; Off                ;
; Ignore CASCADE Buffers                                                          ; Off                ; Off                ;
; Ignore GLOBAL Buffers                                                           ; Off                ; Off                ;
; Ignore ROW GLOBAL Buffers                                                       ; Off                ; Off                ;
; Ignore LCELL Buffers                                                            ; Off                ; Off                ;
; Ignore SOFT Buffers                                                             ; On                 ; On                 ;
; Limit AHDL Integers to 32 Bits                                                  ; Off                ; Off                ;
; Optimization Technique                                                          ; Balanced           ; Balanced           ;
; Carry Chain Length                                                              ; 70                 ; 70                 ;
; Auto Carry Chains                                                               ; On                 ; On                 ;
; Auto Open-Drain Pins                                                            ; On                 ; On                 ;
; Perform WYSIWYG Primitive Resynthesis                                           ; Off                ; Off                ;
; Auto ROM Replacement                                                            ; On                 ; On                 ;
; Auto RAM Replacement                                                            ; On                 ; On                 ;
; Auto DSP Block Replacement                                                      ; On                 ; On                 ;
; Auto Shift Register Replacement                                                 ; Auto               ; Auto               ;
; Allow Shift Register Merging across Hierarchies                                 ; Auto               ; Auto               ;
; Auto Clock Enable Replacement                                                   ; On                 ; On                 ;
; Strict RAM Replacement                                                          ; Off                ; Off                ;
; Allow Synchronous Control Signals                                               ; On                 ; On                 ;
; Force Use of Synchronous Clear Signals                                          ; Off                ; Off                ;
; Auto Resource Sharing                                                           ; Off                ; Off                ;
; Allow Any RAM Size For Recognition                                              ; Off                ; Off                ;
; Allow Any ROM Size For Recognition                                              ; Off                ; Off                ;
; Allow Any Shift Register Size For Recognition                                   ; Off                ; Off                ;
; Use LogicLock Constraints during Resource Balancing                             ; On                 ; On                 ;
; Ignore translate_off and synthesis_off directives                               ; Off                ; Off                ;
; Timing-Driven Synthesis                                                         ; On                 ; On                 ;
; Report Parameter Settings                                                       ; On                 ; On                 ;
; Report Source Assignments                                                       ; On                 ; On                 ;
; Report Connectivity Checks                                                      ; On                 ; On                 ;
; Ignore Maximum Fan-Out Assignments                                              ; Off                ; Off                ;
; Synchronization Register Chain Length                                           ; 3                  ; 3                  ;
; Power Optimization During Synthesis                                             ; Normal compilation ; Normal compilation ;
; HDL message level                                                               ; Level2             ; Level2             ;
; Suppress Register Optimization Related Messages                                 ; Off                ; Off                ;
; Number of Removed Registers Reported in Synthesis Report                        ; 5000               ; 5000               ;
; Number of Swept Nodes Reported in Synthesis Report                              ; 5000               ; 5000               ;
; Number of Inverted Registers Reported in Synthesis Report                       ; 100                ; 100                ;
; Clock MUX Protection                                                            ; On                 ; On                 ;
; Auto Gated Clock Conversion                                                     ; Off                ; Off                ;
; Block Design Naming                                                             ; Auto               ; Auto               ;
; SDC constraint protection                                                       ; Off                ; Off                ;
; Synthesis Effort                                                                ; Auto               ; Auto               ;
; Shift Register Replacement - Allow Asynchronous Clear Signal                    ; On                 ; On                 ;
; Pre-Mapping Resynthesis Optimization                                            ; Off                ; Off                ;
; Analysis & Synthesis Message Level                                              ; Medium             ; Medium             ;
; Disable Register Merging Across Hierarchies                                     ; Auto               ; Auto               ;
; Resource Aware Inference For Block RAM                                          ; On                 ; On                 ;
; Automatic Parallel Synthesis                                                    ; On                 ; On                 ;
; Partial Reconfiguration Bitstream ID                                            ; Off                ; Off                ;
+---------------------------------------------------------------------------------+--------------------+--------------------+


+------------------------------------------+
; Parallel Compilation                     ;
+----------------------------+-------------+
; Processors                 ; Number      ;
+----------------------------+-------------+
; Number detected on machine ; 4           ;
; Maximum allowed            ; 2           ;
;                            ;             ;
; Average used               ; 1.00        ;
; Maximum used               ; 2           ;
;                            ;             ;
; Usage by Processor         ; % Time Used ;
;     Processor 1            ; 100.0%      ;
;     Processor 2            ;   0.0%      ;
+----------------------------+-------------+


+-----------------------------------------------------------------------------------------------------------------------------------+
; Analysis & Synthesis Source Files Read                                                                                            ;
+----------------------------------+-----------------+-----------------+--------------------------------------------------+---------+
; File Name with User-Entered Path ; Used in Netlist ; File Type       ; File Name with Absolute Path                     ; Library ;
+----------------------------------+-----------------+-----------------+--------------------------------------------------+---------+
; wisdom_package.vhd               ; yes             ; User VHDL File  ; C:/USP/PSI3451_wang/aula_13/wisdom_package.vhd   ;         ;
; reg_bank_disc.vhd                ; yes             ; User VHDL File  ; C:/USP/PSI3451_wang/aula_13/reg_bank_disc.vhd    ;         ;
; reg.vhd                          ; yes             ; User VHDL File  ; C:/USP/PSI3451_wang/aula_13/reg.vhd              ;         ;
; rc_adder.vhd                     ; yes             ; User VHDL File  ; C:/USP/PSI3451_wang/aula_13/rc_adder.vhd         ;         ;
; rand_num_disc.vhd                ; yes             ; User VHDL File  ; C:/USP/PSI3451_wang/aula_13/rand_num_disc.vhd    ;         ;
; num_gen_disc.vhd                 ; yes             ; User VHDL File  ; C:/USP/PSI3451_wang/aula_13/num_gen_disc.vhd     ;         ;
; lfsr.vhd                         ; yes             ; User VHDL File  ; C:/USP/PSI3451_wang/aula_13/lfsr.vhd             ;         ;
; full_adder.vhd                   ; yes             ; User VHDL File  ; C:/USP/PSI3451_wang/aula_13/full_adder.vhd       ;         ;
; fsm_disc.vhd                     ; yes             ; User VHDL File  ; C:/USP/PSI3451_wang/aula_13/fsm_disc.vhd         ;         ;
; disciple_circuit.vhd             ; yes             ; User VHDL File  ; C:/USP/PSI3451_wang/aula_13/disciple_circuit.vhd ;         ;
; disc_datapath.vhd                ; yes             ; User VHDL File  ; C:/USP/PSI3451_wang/aula_13/disc_datapath.vhd    ;         ;
; d_reg.vhd                        ; yes             ; User VHDL File  ; C:/USP/PSI3451_wang/aula_13/d_reg.vhd            ;         ;
; coll_ovf_disc.vhd                ; yes             ; User VHDL File  ; C:/USP/PSI3451_wang/aula_13/coll_ovf_disc.vhd    ;         ;
; code_gen.vhd                     ; yes             ; User VHDL File  ; C:/USP/PSI3451_wang/aula_13/code_gen.vhd         ;         ;
; alu.vhd                          ; yes             ; User VHDL File  ; C:/USP/PSI3451_wang/aula_13/alu.vhd              ;         ;
+----------------------------------+-----------------+-----------------+--------------------------------------------------+---------+


+---------------------------------------------------------+
; Analysis & Synthesis Resource Usage Summary             ;
+---------------------------------------------+-----------+
; Resource                                    ; Usage     ;
+---------------------------------------------+-----------+
; Estimate of Logic utilization (ALMs needed) ; 28        ;
;                                             ;           ;
; Combinational ALUT usage for logic          ; 48        ;
;     -- 7 input functions                    ; 0         ;
;     -- 6 input functions                    ; 2         ;
;     -- 5 input functions                    ; 17        ;
;     -- 4 input functions                    ; 7         ;
;     -- <=3 input functions                  ; 22        ;
;                                             ;           ;
; Dedicated logic registers                   ; 41        ;
;                                             ;           ;
; I/O pins                                    ; 35        ;
;                                             ;           ;
; Total DSP Blocks                            ; 0         ;
;                                             ;           ;
; Maximum fan-out node                        ; res~input ;
; Maximum fan-out                             ; 42        ;
; Total fan-out                               ; 359       ;
; Average fan-out                             ; 2.26      ;
+---------------------------------------------+-----------+


+---------------------------------------------------------------------------------------------------------------------------------------------------------------------------------------------------------------------------------------------------------------------------------------------------------------------+
; Analysis & Synthesis Resource Utilization by Entity                                                                                                                                                                                                                                                                 ;
+-----------------------------------------------+---------------------+---------------------------+-------------------+------------+------+--------------+--------------------------------------------------------------------------------------------------------------------------+------------------+--------------+
; Compilation Hierarchy Node                    ; Combinational ALUTs ; Dedicated Logic Registers ; Block Memory Bits ; DSP Blocks ; Pins ; Virtual Pins ; Full Hierarchy Name                                                                                                      ; Entity Name      ; Library Name ;
+-----------------------------------------------+---------------------+---------------------------+-------------------+------------+------+--------------+--------------------------------------------------------------------------------------------------------------------------+------------------+--------------+
; |disciple_circuit                             ; 48 (0)              ; 41 (0)                    ; 0                 ; 0          ; 35   ; 0            ; |disciple_circuit                                                                                                        ; disciple_circuit ; work         ;
;    |disc_datapath:data|                       ; 31 (0)              ; 28 (0)                    ; 0                 ; 0          ; 0    ; 0            ; |disciple_circuit|disc_datapath:data                                                                                     ; disc_datapath    ; work         ;
;       |alu:alu_1|                             ; 1 (0)               ; 0 (0)                     ; 0                 ; 0          ; 0    ; 0            ; |disciple_circuit|disc_datapath:data|alu:alu_1                                                                           ; alu              ; work         ;
;          |rc_adder:add|                       ; 1 (0)               ; 0 (0)                     ; 0                 ; 0          ; 0    ; 0            ; |disciple_circuit|disc_datapath:data|alu:alu_1|rc_adder:add                                                              ; rc_adder         ; work         ;
;             |full_adder_1:adder_5|            ; 1 (1)               ; 0 (0)                     ; 0                 ; 0          ; 0    ; 0            ; |disciple_circuit|disc_datapath:data|alu:alu_1|rc_adder:add|full_adder_1:adder_5                                         ; full_adder_1     ; work         ;
;       |coll_ovf_disc:dut|                     ; 1 (1)               ; 0 (0)                     ; 0                 ; 0          ; 0    ; 0            ; |disciple_circuit|disc_datapath:data|coll_ovf_disc:dut                                                                   ; coll_ovf_disc    ; work         ;
;       |num_gen_disc:n_g|                      ; 12 (0)              ; 12 (0)                    ; 0                 ; 0          ; 0    ; 0            ; |disciple_circuit|disc_datapath:data|num_gen_disc:n_g                                                                    ; num_gen_disc     ; work         ;
;          |rand_num_disc:rand_num_discber_gen| ; 12 (0)              ; 12 (0)                    ; 0                 ; 0          ; 0    ; 0            ; |disciple_circuit|disc_datapath:data|num_gen_disc:n_g|rand_num_disc:rand_num_discber_gen                                 ; rand_num_disc    ; work         ;
;             |lfsr:L0|                         ; 12 (12)             ; 12 (0)                    ; 0                 ; 0          ; 0    ; 0            ; |disciple_circuit|disc_datapath:data|num_gen_disc:n_g|rand_num_disc:rand_num_discber_gen|lfsr:L0                         ; lfsr             ; work         ;
;                |d_reg:\R1:0:zero:D2|          ; 0 (0)               ; 1 (1)                     ; 0                 ; 0          ; 0    ; 0            ; |disciple_circuit|disc_datapath:data|num_gen_disc:n_g|rand_num_disc:rand_num_discber_gen|lfsr:L0|d_reg:\R1:0:zero:D2     ; d_reg            ; work         ;
;                |d_reg:\R1:10:com_xor:D0|      ; 0 (0)               ; 1 (1)                     ; 0                 ; 0          ; 0    ; 0            ; |disciple_circuit|disc_datapath:data|num_gen_disc:n_g|rand_num_disc:rand_num_discber_gen|lfsr:L0|d_reg:\R1:10:com_xor:D0 ; d_reg            ; work         ;
;                |d_reg:\R1:11:com_xor:D0|      ; 0 (0)               ; 1 (1)                     ; 0                 ; 0          ; 0    ; 0            ; |disciple_circuit|disc_datapath:data|num_gen_disc:n_g|rand_num_disc:rand_num_discber_gen|lfsr:L0|d_reg:\R1:11:com_xor:D0 ; d_reg            ; work         ;
;                |d_reg:\R1:1:com_xor:D0|       ; 0 (0)               ; 1 (1)                     ; 0                 ; 0          ; 0    ; 0            ; |disciple_circuit|disc_datapath:data|num_gen_disc:n_g|rand_num_disc:rand_num_discber_gen|lfsr:L0|d_reg:\R1:1:com_xor:D0  ; d_reg            ; work         ;
;                |d_reg:\R1:2:sem_xor:D1|       ; 0 (0)               ; 1 (1)                     ; 0                 ; 0          ; 0    ; 0            ; |disciple_circuit|disc_datapath:data|num_gen_disc:n_g|rand_num_disc:rand_num_discber_gen|lfsr:L0|d_reg:\R1:2:sem_xor:D1  ; d_reg            ; work         ;
;                |d_reg:\R1:3:sem_xor:D1|       ; 0 (0)               ; 1 (1)                     ; 0                 ; 0          ; 0    ; 0            ; |disciple_circuit|disc_datapath:data|num_gen_disc:n_g|rand_num_disc:rand_num_discber_gen|lfsr:L0|d_reg:\R1:3:sem_xor:D1  ; d_reg            ; work         ;
;                |d_reg:\R1:4:com_xor:D0|       ; 0 (0)               ; 1 (1)                     ; 0                 ; 0          ; 0    ; 0            ; |disciple_circuit|disc_datapath:data|num_gen_disc:n_g|rand_num_disc:rand_num_discber_gen|lfsr:L0|d_reg:\R1:4:com_xor:D0  ; d_reg            ; work         ;
;                |d_reg:\R1:5:sem_xor:D1|       ; 0 (0)               ; 1 (1)                     ; 0                 ; 0          ; 0    ; 0            ; |disciple_circuit|disc_datapath:data|num_gen_disc:n_g|rand_num_disc:rand_num_discber_gen|lfsr:L0|d_reg:\R1:5:sem_xor:D1  ; d_reg            ; work         ;
;                |d_reg:\R1:6:com_xor:D0|       ; 0 (0)               ; 1 (1)                     ; 0                 ; 0          ; 0    ; 0            ; |disciple_circuit|disc_datapath:data|num_gen_disc:n_g|rand_num_disc:rand_num_discber_gen|lfsr:L0|d_reg:\R1:6:com_xor:D0  ; d_reg            ; work         ;
;                |d_reg:\R1:7:sem_xor:D1|       ; 0 (0)               ; 1 (1)                     ; 0                 ; 0          ; 0    ; 0            ; |disciple_circuit|disc_datapath:data|num_gen_disc:n_g|rand_num_disc:rand_num_discber_gen|lfsr:L0|d_reg:\R1:7:sem_xor:D1  ; d_reg            ; work         ;
;                |d_reg:\R1:8:com_xor:D0|       ; 0 (0)               ; 1 (1)                     ; 0                 ; 0          ; 0    ; 0            ; |disciple_circuit|disc_datapath:data|num_gen_disc:n_g|rand_num_disc:rand_num_discber_gen|lfsr:L0|d_reg:\R1:8:com_xor:D0  ; d_reg            ; work         ;
;                |d_reg:\R1:9:sem_xor:D1|       ; 0 (0)               ; 1 (1)                     ; 0                 ; 0          ; 0    ; 0            ; |disciple_circuit|disc_datapath:data|num_gen_disc:n_g|rand_num_disc:rand_num_discber_gen|lfsr:L0|d_reg:\R1:9:sem_xor:D1  ; d_reg            ; work         ;
;       |reg_bank_disc:rb|                      ; 17 (8)              ; 16 (0)                    ; 0                 ; 0          ; 0    ; 0            ; |disciple_circuit|disc_datapath:data|reg_bank_disc:rb                                                                    ; reg_bank_disc    ; work         ;
;          |reg:reg_DISC|                       ; 9 (9)               ; 8 (8)                     ; 0                 ; 0          ; 0    ; 0            ; |disciple_circuit|disc_datapath:data|reg_bank_disc:rb|reg:reg_DISC                                                       ; reg              ; work         ;
;          |reg:reg_PREV_DISC|                  ; 0 (0)               ; 8 (8)                     ; 0                 ; 0          ; 0    ; 0            ; |disciple_circuit|disc_datapath:data|reg_bank_disc:rb|reg:reg_PREV_DISC                                                  ; reg              ; work         ;
;    |fsm_disc:control|                         ; 17 (17)             ; 13 (13)                   ; 0                 ; 0          ; 0    ; 0            ; |disciple_circuit|fsm_disc:control                                                                                       ; fsm_disc         ; work         ;
+-----------------------------------------------+---------------------+---------------------------+-------------------+------------+------+--------------+--------------------------------------------------------------------------------------------------------------------------+------------------+--------------+
Note: For table entries with two numbers listed, the numbers in parentheses indicate the number of resources of the given type used by the specific entity alone. The numbers listed outside of parentheses indicate the total resources of the given type used by the specific entity and all of its sub-entities in the hierarchy.


Encoding Type:  One-Hot
+--------------------------------------------------------------------------------------------------------------------------------------------------------------------------------------------------------------------------------------------------------------------+
; State Machine - |disciple_circuit|fsm_disc:control|state                                                                                                                                                                                                           ;
+------------------------+----------------------+------------+------------------------+------------------+------------------+-----------------+-----------------+------------------+------------+----------------------+------------------+------------+-------------+
; Name                   ; state.LAST_WITH_GURU ; state.LAST ; state.CHECK_BEHIND_DUO ; state.CLEAR_PREV ; state.WRITE_DISC ; state.WRITE_DUO ; state.CHECK_DUO ; state.CHECK_LAST ; state.INCR ; state.WAIT_CONT_DISC ; state.WRITE_RAND ; state.RAND ; state.START ;
+------------------------+----------------------+------------+------------------------+------------------+------------------+-----------------+-----------------+------------------+------------+----------------------+------------------+------------+-------------+
; state.START            ; 0                    ; 0          ; 0                      ; 0                ; 0                ; 0               ; 0               ; 0                ; 0          ; 0                    ; 0                ; 0          ; 0           ;
; state.RAND             ; 0                    ; 0          ; 0                      ; 0                ; 0                ; 0               ; 0               ; 0                ; 0          ; 0                    ; 0                ; 1          ; 1           ;
; state.WRITE_RAND       ; 0                    ; 0          ; 0                      ; 0                ; 0                ; 0               ; 0               ; 0                ; 0          ; 0                    ; 1                ; 0          ; 1           ;
; state.WAIT_CONT_DISC   ; 0                    ; 0          ; 0                      ; 0                ; 0                ; 0               ; 0               ; 0                ; 0          ; 1                    ; 0                ; 0          ; 1           ;
; state.INCR             ; 0                    ; 0          ; 0                      ; 0                ; 0                ; 0               ; 0               ; 0                ; 1          ; 0                    ; 0                ; 0          ; 1           ;
; state.CHECK_LAST       ; 0                    ; 0          ; 0                      ; 0                ; 0                ; 0               ; 0               ; 1                ; 0          ; 0                    ; 0                ; 0          ; 1           ;
; state.CHECK_DUO        ; 0                    ; 0          ; 0                      ; 0                ; 0                ; 0               ; 1               ; 0                ; 0          ; 0                    ; 0                ; 0          ; 1           ;
; state.WRITE_DUO        ; 0                    ; 0          ; 0                      ; 0                ; 0                ; 1               ; 0               ; 0                ; 0          ; 0                    ; 0                ; 0          ; 1           ;
; state.WRITE_DISC       ; 0                    ; 0          ; 0                      ; 0                ; 1                ; 0               ; 0               ; 0                ; 0          ; 0                    ; 0                ; 0          ; 1           ;
; state.CLEAR_PREV       ; 0                    ; 0          ; 0                      ; 1                ; 0                ; 0               ; 0               ; 0                ; 0          ; 0                    ; 0                ; 0          ; 1           ;
; state.CHECK_BEHIND_DUO ; 0                    ; 0          ; 1                      ; 0                ; 0                ; 0               ; 0               ; 0                ; 0          ; 0                    ; 0                ; 0          ; 1           ;
; state.LAST             ; 0                    ; 1          ; 0                      ; 0                ; 0                ; 0               ; 0               ; 0                ; 0          ; 0                    ; 0                ; 0          ; 1           ;
; state.LAST_WITH_GURU   ; 1                    ; 0          ; 0                      ; 0                ; 0                ; 0               ; 0               ; 0                ; 0          ; 0                    ; 0                ; 0          ; 1           ;
+------------------------+----------------------+------------+------------------------+------------------+------------------+-----------------+-----------------+------------------+------------+----------------------+------------------+------------+-------------+


+------------------------------------------------------+
; General Register Statistics                          ;
+----------------------------------------------+-------+
; Statistic                                    ; Value ;
+----------------------------------------------+-------+
; Total registers                              ; 41    ;
; Number of registers using Synchronous Clear  ; 10    ;
; Number of registers using Synchronous Load   ; 0     ;
; Number of registers using Asynchronous Clear ; 13    ;
; Number of registers using Asynchronous Load  ; 0     ;
; Number of registers using Clock Enable       ; 16    ;
; Number of registers using Preset             ; 0     ;
+----------------------------------------------+-------+


+----------------------------------------------------------------------------------------------------------------------------------------------------------------------------------------------+
; Multiplexer Restructuring Statistics (Restructuring Performed)                                                                                                                               ;
+--------------------+-----------+---------------+----------------------+------------------------+------------+--------------------------------------------------------------------------------+
; Multiplexer Inputs ; Bus Width ; Baseline Area ; Area if Restructured ; Saving if Restructured ; Registered ; Example Multiplexer Output                                                     ;
+--------------------+-----------+---------------+----------------------+------------------------+------------+--------------------------------------------------------------------------------+
; 3:1                ; 8 bits    ; 16 LEs        ; 0 LEs                ; 16 LEs                 ; Yes        ; |disciple_circuit|disc_datapath:data|reg_bank_disc:rb|reg:reg_PREV_DISC|q_s[0] ;
; 4:1                ; 6 bits    ; 12 LEs        ; 12 LEs               ; 0 LEs                  ; Yes        ; |disciple_circuit|disc_datapath:data|reg_bank_disc:rb|reg:reg_DISC|q_s[2]      ;
; 4:1                ; 2 bits    ; 4 LEs         ; 4 LEs                ; 0 LEs                  ; Yes        ; |disciple_circuit|disc_datapath:data|reg_bank_disc:rb|reg:reg_DISC|q_s[1]      ;
+--------------------+-----------+---------------+----------------------+------------------------+------------+--------------------------------------------------------------------------------+


+-----------------------------------------------------------------+
; Parameter Settings for User Entity Instance: disc_datapath:data ;
+----------------+-------+----------------------------------------+
; Parameter Name ; Value ; Type                                   ;
+----------------+-------+----------------------------------------+
; width          ; 8     ; Signed Integer                         ;
+----------------+-------+----------------------------------------+
Note: In order to hide this table in the UI and the text report file, please set the "Show Parameter Settings in Synthesis Report" option in "Analysis and Synthesis Settings -> More Settings" to "Off".


+----------------------------------------------------------------------------------+
; Parameter Settings for User Entity Instance: disc_datapath:data|num_gen_disc:n_g ;
+----------------+-------+---------------------------------------------------------+
; Parameter Name ; Value ; Type                                                    ;
+----------------+-------+---------------------------------------------------------+
; width          ; 8     ; Signed Integer                                          ;
+----------------+-------+---------------------------------------------------------+
Note: In order to hide this table in the UI and the text report file, please set the "Show Parameter Settings in Synthesis Report" option in "Analysis and Synthesis Settings -> More Settings" to "Off".


+---------------------------------------------------------------------------------------------------------------------+
; Parameter Settings for User Entity Instance: disc_datapath:data|num_gen_disc:n_g|rand_num_disc:rand_num_discber_gen ;
+----------------+-------+--------------------------------------------------------------------------------------------+
; Parameter Name ; Value ; Type                                                                                       ;
+----------------+-------+--------------------------------------------------------------------------------------------+
; width          ; 8     ; Signed Integer                                                                             ;
+----------------+-------+--------------------------------------------------------------------------------------------+
Note: In order to hide this table in the UI and the text report file, please set the "Show Parameter Settings in Synthesis Report" option in "Analysis and Synthesis Settings -> More Settings" to "Off".


+-----------------------------------------------------------------------------------------------------------------------------------------------------+
; Parameter Settings for User Entity Instance: disc_datapath:data|num_gen_disc:n_g|rand_num_disc:rand_num_discber_gen|lfsr:L0|d_reg:\R1:11:com_xor:D0 ;
+----------------+------------+-----------------------------------------------------------------------------------------------------------------------+
; Parameter Name ; Value      ; Type                                                                                                                  ;
+----------------+------------+-----------------------------------------------------------------------------------------------------------------------+
; t_ff           ; 2000000 fs ; Physical                                                                                                              ;
+----------------+------------+-----------------------------------------------------------------------------------------------------------------------+
Note: In order to hide this table in the UI and the text report file, please set the "Show Parameter Settings in Synthesis Report" option in "Analysis and Synthesis Settings -> More Settings" to "Off".


+-----------------------------------------------------------------------------------------------------------------------------------------------------+
; Parameter Settings for User Entity Instance: disc_datapath:data|num_gen_disc:n_g|rand_num_disc:rand_num_discber_gen|lfsr:L0|d_reg:\R1:10:com_xor:D0 ;
+----------------+------------+-----------------------------------------------------------------------------------------------------------------------+
; Parameter Name ; Value      ; Type                                                                                                                  ;
+----------------+------------+-----------------------------------------------------------------------------------------------------------------------+
; t_ff           ; 2000000 fs ; Physical                                                                                                              ;
+----------------+------------+-----------------------------------------------------------------------------------------------------------------------+
Note: In order to hide this table in the UI and the text report file, please set the "Show Parameter Settings in Synthesis Report" option in "Analysis and Synthesis Settings -> More Settings" to "Off".


+----------------------------------------------------------------------------------------------------------------------------------------------------+
; Parameter Settings for User Entity Instance: disc_datapath:data|num_gen_disc:n_g|rand_num_disc:rand_num_discber_gen|lfsr:L0|d_reg:\R1:9:sem_xor:D1 ;
+----------------+------------+----------------------------------------------------------------------------------------------------------------------+
; Parameter Name ; Value      ; Type                                                                                                                 ;
+----------------+------------+----------------------------------------------------------------------------------------------------------------------+
; t_ff           ; 2000000 fs ; Physical                                                                                                             ;
+----------------+------------+----------------------------------------------------------------------------------------------------------------------+
Note: In order to hide this table in the UI and the text report file, please set the "Show Parameter Settings in Synthesis Report" option in "Analysis and Synthesis Settings -> More Settings" to "Off".


+----------------------------------------------------------------------------------------------------------------------------------------------------+
; Parameter Settings for User Entity Instance: disc_datapath:data|num_gen_disc:n_g|rand_num_disc:rand_num_discber_gen|lfsr:L0|d_reg:\R1:8:com_xor:D0 ;
+----------------+------------+----------------------------------------------------------------------------------------------------------------------+
; Parameter Name ; Value      ; Type                                                                                                                 ;
+----------------+------------+----------------------------------------------------------------------------------------------------------------------+
; t_ff           ; 2000000 fs ; Physical                                                                                                             ;
+----------------+------------+----------------------------------------------------------------------------------------------------------------------+
Note: In order to hide this table in the UI and the text report file, please set the "Show Parameter Settings in Synthesis Report" option in "Analysis and Synthesis Settings -> More Settings" to "Off".


+----------------------------------------------------------------------------------------------------------------------------------------------------+
; Parameter Settings for User Entity Instance: disc_datapath:data|num_gen_disc:n_g|rand_num_disc:rand_num_discber_gen|lfsr:L0|d_reg:\R1:7:sem_xor:D1 ;
+----------------+------------+----------------------------------------------------------------------------------------------------------------------+
; Parameter Name ; Value      ; Type                                                                                                                 ;
+----------------+------------+----------------------------------------------------------------------------------------------------------------------+
; t_ff           ; 2000000 fs ; Physical                                                                                                             ;
+----------------+------------+----------------------------------------------------------------------------------------------------------------------+
Note: In order to hide this table in the UI and the text report file, please set the "Show Parameter Settings in Synthesis Report" option in "Analysis and Synthesis Settings -> More Settings" to "Off".


+----------------------------------------------------------------------------------------------------------------------------------------------------+
; Parameter Settings for User Entity Instance: disc_datapath:data|num_gen_disc:n_g|rand_num_disc:rand_num_discber_gen|lfsr:L0|d_reg:\R1:6:com_xor:D0 ;
+----------------+------------+----------------------------------------------------------------------------------------------------------------------+
; Parameter Name ; Value      ; Type                                                                                                                 ;
+----------------+------------+----------------------------------------------------------------------------------------------------------------------+
; t_ff           ; 2000000 fs ; Physical                                                                                                             ;
+----------------+------------+----------------------------------------------------------------------------------------------------------------------+
Note: In order to hide this table in the UI and the text report file, please set the "Show Parameter Settings in Synthesis Report" option in "Analysis and Synthesis Settings -> More Settings" to "Off".


+----------------------------------------------------------------------------------------------------------------------------------------------------+
; Parameter Settings for User Entity Instance: disc_datapath:data|num_gen_disc:n_g|rand_num_disc:rand_num_discber_gen|lfsr:L0|d_reg:\R1:5:sem_xor:D1 ;
+----------------+------------+----------------------------------------------------------------------------------------------------------------------+
; Parameter Name ; Value      ; Type                                                                                                                 ;
+----------------+------------+----------------------------------------------------------------------------------------------------------------------+
; t_ff           ; 2000000 fs ; Physical                                                                                                             ;
+----------------+------------+----------------------------------------------------------------------------------------------------------------------+
Note: In order to hide this table in the UI and the text report file, please set the "Show Parameter Settings in Synthesis Report" option in "Analysis and Synthesis Settings -> More Settings" to "Off".


+----------------------------------------------------------------------------------------------------------------------------------------------------+
; Parameter Settings for User Entity Instance: disc_datapath:data|num_gen_disc:n_g|rand_num_disc:rand_num_discber_gen|lfsr:L0|d_reg:\R1:4:com_xor:D0 ;
+----------------+------------+----------------------------------------------------------------------------------------------------------------------+
; Parameter Name ; Value      ; Type                                                                                                                 ;
+----------------+------------+----------------------------------------------------------------------------------------------------------------------+
; t_ff           ; 2000000 fs ; Physical                                                                                                             ;
+----------------+------------+----------------------------------------------------------------------------------------------------------------------+
Note: In order to hide this table in the UI and the text report file, please set the "Show Parameter Settings in Synthesis Report" option in "Analysis and Synthesis Settings -> More Settings" to "Off".


+----------------------------------------------------------------------------------------------------------------------------------------------------+
; Parameter Settings for User Entity Instance: disc_datapath:data|num_gen_disc:n_g|rand_num_disc:rand_num_discber_gen|lfsr:L0|d_reg:\R1:3:sem_xor:D1 ;
+----------------+------------+----------------------------------------------------------------------------------------------------------------------+
; Parameter Name ; Value      ; Type                                                                                                                 ;
+----------------+------------+----------------------------------------------------------------------------------------------------------------------+
; t_ff           ; 2000000 fs ; Physical                                                                                                             ;
+----------------+------------+----------------------------------------------------------------------------------------------------------------------+
Note: In order to hide this table in the UI and the text report file, please set the "Show Parameter Settings in Synthesis Report" option in "Analysis and Synthesis Settings -> More Settings" to "Off".


+----------------------------------------------------------------------------------------------------------------------------------------------------+
; Parameter Settings for User Entity Instance: disc_datapath:data|num_gen_disc:n_g|rand_num_disc:rand_num_discber_gen|lfsr:L0|d_reg:\R1:2:sem_xor:D1 ;
+----------------+------------+----------------------------------------------------------------------------------------------------------------------+
; Parameter Name ; Value      ; Type                                                                                                                 ;
+----------------+------------+----------------------------------------------------------------------------------------------------------------------+
; t_ff           ; 2000000 fs ; Physical                                                                                                             ;
+----------------+------------+----------------------------------------------------------------------------------------------------------------------+
Note: In order to hide this table in the UI and the text report file, please set the "Show Parameter Settings in Synthesis Report" option in "Analysis and Synthesis Settings -> More Settings" to "Off".


+----------------------------------------------------------------------------------------------------------------------------------------------------+
; Parameter Settings for User Entity Instance: disc_datapath:data|num_gen_disc:n_g|rand_num_disc:rand_num_discber_gen|lfsr:L0|d_reg:\R1:1:com_xor:D0 ;
+----------------+------------+----------------------------------------------------------------------------------------------------------------------+
; Parameter Name ; Value      ; Type                                                                                                                 ;
+----------------+------------+----------------------------------------------------------------------------------------------------------------------+
; t_ff           ; 2000000 fs ; Physical                                                                                                             ;
+----------------+------------+----------------------------------------------------------------------------------------------------------------------+
Note: In order to hide this table in the UI and the text report file, please set the "Show Parameter Settings in Synthesis Report" option in "Analysis and Synthesis Settings -> More Settings" to "Off".


+-------------------------------------------------------------------------------------------------------------------------------------------------+
; Parameter Settings for User Entity Instance: disc_datapath:data|num_gen_disc:n_g|rand_num_disc:rand_num_discber_gen|lfsr:L0|d_reg:\R1:0:zero:D2 ;
+----------------+------------+-------------------------------------------------------------------------------------------------------------------+
; Parameter Name ; Value      ; Type                                                                                                              ;
+----------------+------------+-------------------------------------------------------------------------------------------------------------------+
; t_ff           ; 2000000 fs ; Physical                                                                                                          ;
+----------------+------------+-------------------------------------------------------------------------------------------------------------------+
Note: In order to hide this table in the UI and the text report file, please set the "Show Parameter Settings in Synthesis Report" option in "Analysis and Synthesis Settings -> More Settings" to "Off".


+----------------------------------------------------------------------------------+
; Parameter Settings for User Entity Instance: disc_datapath:data|reg_bank_disc:rb ;
+----------------+-------+---------------------------------------------------------+
; Parameter Name ; Value ; Type                                                    ;
+----------------+-------+---------------------------------------------------------+
; width          ; 8     ; Signed Integer                                          ;
+----------------+-------+---------------------------------------------------------+
Note: In order to hide this table in the UI and the text report file, please set the "Show Parameter Settings in Synthesis Report" option in "Analysis and Synthesis Settings -> More Settings" to "Off".


+-----------------------------------------------------------------------------------------------+
; Parameter Settings for User Entity Instance: disc_datapath:data|reg_bank_disc:rb|reg:reg_DISC ;
+----------------+-------+----------------------------------------------------------------------+
; Parameter Name ; Value ; Type                                                                 ;
+----------------+-------+----------------------------------------------------------------------+
; width          ; 8     ; Signed Integer                                                       ;
+----------------+-------+----------------------------------------------------------------------+
Note: In order to hide this table in the UI and the text report file, please set the "Show Parameter Settings in Synthesis Report" option in "Analysis and Synthesis Settings -> More Settings" to "Off".


+----------------------------------------------------------------------------------------------------+
; Parameter Settings for User Entity Instance: disc_datapath:data|reg_bank_disc:rb|reg:reg_PREV_DISC ;
+----------------+-------+---------------------------------------------------------------------------+
; Parameter Name ; Value ; Type                                                                      ;
+----------------+-------+---------------------------------------------------------------------------+
; width          ; 8     ; Signed Integer                                                            ;
+----------------+-------+---------------------------------------------------------------------------+
Note: In order to hide this table in the UI and the text report file, please set the "Show Parameter Settings in Synthesis Report" option in "Analysis and Synthesis Settings -> More Settings" to "Off".


+---------------------------------------------------------------------------+
; Parameter Settings for User Entity Instance: disc_datapath:data|alu:alu_1 ;
+----------------+-------+--------------------------------------------------+
; Parameter Name ; Value ; Type                                             ;
+----------------+-------+--------------------------------------------------+
; width          ; 8     ; Signed Integer                                   ;
+----------------+-------+--------------------------------------------------+
Note: In order to hide this table in the UI and the text report file, please set the "Show Parameter Settings in Synthesis Report" option in "Analysis and Synthesis Settings -> More Settings" to "Off".


+----------------------------------------------------------------------------------------+
; Parameter Settings for User Entity Instance: disc_datapath:data|alu:alu_1|rc_adder:add ;
+----------------+-------+---------------------------------------------------------------+
; Parameter Name ; Value ; Type                                                          ;
+----------------+-------+---------------------------------------------------------------+
; width          ; 8     ; Signed Integer                                                ;
+----------------+-------+---------------------------------------------------------------+
Note: In order to hide this table in the UI and the text report file, please set the "Show Parameter Settings in Synthesis Report" option in "Analysis and Synthesis Settings -> More Settings" to "Off".


+----------------------------------------------------------------------------------------------------------------+
; Port Connectivity Checks: "disc_datapath:data|alu:alu_1|rc_adder:add"                                          ;
+------+--------+----------+-------------------------------------------------------------------------------------+
; Port ; Type   ; Severity ; Details                                                                             ;
+------+--------+----------+-------------------------------------------------------------------------------------+
; c_i  ; Input  ; Info     ; Stuck at GND                                                                        ;
; c_o  ; Output ; Info     ; Connected to dangling logic. Logic that only feeds a dangling port will be removed. ;
+------+--------+----------+-------------------------------------------------------------------------------------+


+----------------------------------------------------------+
; Port Connectivity Checks: "disc_datapath:data|alu:alu_1" ;
+--------------+-------+----------+------------------------+
; Port         ; Type  ; Severity ; Details                ;
+--------------+-------+----------+------------------------+
; one_op[7..3] ; Input ; Info     ; Stuck at VCC           ;
; one_op[2..0] ; Input ; Info     ; Stuck at GND           ;
+--------------+-------+----------+------------------------+


+--------------------------------------------------------------------------------------------------------------------------------+
; Port Connectivity Checks: "disc_datapath:data|reg_bank_disc:rb"                                                                ;
+----------------------+--------+----------+-------------------------------------------------------------------------------------+
; Port                 ; Type   ; Severity ; Details                                                                             ;
+----------------------+--------+----------+-------------------------------------------------------------------------------------+
; disc_addr[7..6]      ; Output ; Info     ; Connected to dangling logic. Logic that only feeds a dangling port will be removed. ;
; disc_prev_addr[7..6] ; Output ; Info     ; Connected to dangling logic. Logic that only feeds a dangling port will be removed. ;
+----------------------+--------+----------+-------------------------------------------------------------------------------------+


+--------------------------------------------------------------------------------------------------------------------------------+
; Port Connectivity Checks: "disc_datapath:data|num_gen_disc:n_g|rand_num_disc:rand_num_discber_gen|lfsr:L0|d_reg:\R1:0:zero:D2" ;
+------+-------+----------+------------------------------------------------------------------------------------------------------+
; Port ; Type  ; Severity ; Details                                                                                              ;
+------+-------+----------+------------------------------------------------------------------------------------------------------+
; load ; Input ; Info     ; Stuck at VCC                                                                                         ;
+------+-------+----------+------------------------------------------------------------------------------------------------------+


+-----------------------------------------------------------------------------------------------------------------------------------+
; Port Connectivity Checks: "disc_datapath:data|num_gen_disc:n_g|rand_num_disc:rand_num_discber_gen|lfsr:L0|d_reg:\R1:1:com_xor:D0" ;
+------+-------+----------+---------------------------------------------------------------------------------------------------------+
; Port ; Type  ; Severity ; Details                                                                                                 ;
+------+-------+----------+---------------------------------------------------------------------------------------------------------+
; load ; Input ; Info     ; Stuck at VCC                                                                                            ;
+------+-------+----------+---------------------------------------------------------------------------------------------------------+


+-----------------------------------------------------------------------------------------------------------------------------------+
; Port Connectivity Checks: "disc_datapath:data|num_gen_disc:n_g|rand_num_disc:rand_num_discber_gen|lfsr:L0|d_reg:\R1:2:sem_xor:D1" ;
+------+-------+----------+---------------------------------------------------------------------------------------------------------+
; Port ; Type  ; Severity ; Details                                                                                                 ;
+------+-------+----------+---------------------------------------------------------------------------------------------------------+
; load ; Input ; Info     ; Stuck at VCC                                                                                            ;
+------+-------+----------+---------------------------------------------------------------------------------------------------------+


+-----------------------------------------------------------------------------------------------------------------------------------+
; Port Connectivity Checks: "disc_datapath:data|num_gen_disc:n_g|rand_num_disc:rand_num_discber_gen|lfsr:L0|d_reg:\R1:3:sem_xor:D1" ;
+------+-------+----------+---------------------------------------------------------------------------------------------------------+
; Port ; Type  ; Severity ; Details                                                                                                 ;
+------+-------+----------+---------------------------------------------------------------------------------------------------------+
; load ; Input ; Info     ; Stuck at VCC                                                                                            ;
+------+-------+----------+---------------------------------------------------------------------------------------------------------+


+-----------------------------------------------------------------------------------------------------------------------------------+
; Port Connectivity Checks: "disc_datapath:data|num_gen_disc:n_g|rand_num_disc:rand_num_discber_gen|lfsr:L0|d_reg:\R1:4:com_xor:D0" ;
+------+-------+----------+---------------------------------------------------------------------------------------------------------+
; Port ; Type  ; Severity ; Details                                                                                                 ;
+------+-------+----------+---------------------------------------------------------------------------------------------------------+
; load ; Input ; Info     ; Stuck at VCC                                                                                            ;
+------+-------+----------+---------------------------------------------------------------------------------------------------------+


+-----------------------------------------------------------------------------------------------------------------------------------+
; Port Connectivity Checks: "disc_datapath:data|num_gen_disc:n_g|rand_num_disc:rand_num_discber_gen|lfsr:L0|d_reg:\R1:5:sem_xor:D1" ;
+------+-------+----------+---------------------------------------------------------------------------------------------------------+
; Port ; Type  ; Severity ; Details                                                                                                 ;
+------+-------+----------+---------------------------------------------------------------------------------------------------------+
; load ; Input ; Info     ; Stuck at VCC                                                                                            ;
+------+-------+----------+---------------------------------------------------------------------------------------------------------+


+-----------------------------------------------------------------------------------------------------------------------------------+
; Port Connectivity Checks: "disc_datapath:data|num_gen_disc:n_g|rand_num_disc:rand_num_discber_gen|lfsr:L0|d_reg:\R1:6:com_xor:D0" ;
+------+-------+----------+---------------------------------------------------------------------------------------------------------+
; Port ; Type  ; Severity ; Details                                                                                                 ;
+------+-------+----------+---------------------------------------------------------------------------------------------------------+
; load ; Input ; Info     ; Stuck at VCC                                                                                            ;
+------+-------+----------+---------------------------------------------------------------------------------------------------------+


+-----------------------------------------------------------------------------------------------------------------------------------+
; Port Connectivity Checks: "disc_datapath:data|num_gen_disc:n_g|rand_num_disc:rand_num_discber_gen|lfsr:L0|d_reg:\R1:7:sem_xor:D1" ;
+------+-------+----------+---------------------------------------------------------------------------------------------------------+
; Port ; Type  ; Severity ; Details                                                                                                 ;
+------+-------+----------+---------------------------------------------------------------------------------------------------------+
; load ; Input ; Info     ; Stuck at VCC                                                                                            ;
+------+-------+----------+---------------------------------------------------------------------------------------------------------+


+-----------------------------------------------------------------------------------------------------------------------------------+
; Port Connectivity Checks: "disc_datapath:data|num_gen_disc:n_g|rand_num_disc:rand_num_discber_gen|lfsr:L0|d_reg:\R1:8:com_xor:D0" ;
+------+-------+----------+---------------------------------------------------------------------------------------------------------+
; Port ; Type  ; Severity ; Details                                                                                                 ;
+------+-------+----------+---------------------------------------------------------------------------------------------------------+
; load ; Input ; Info     ; Stuck at VCC                                                                                            ;
+------+-------+----------+---------------------------------------------------------------------------------------------------------+


+-----------------------------------------------------------------------------------------------------------------------------------+
; Port Connectivity Checks: "disc_datapath:data|num_gen_disc:n_g|rand_num_disc:rand_num_discber_gen|lfsr:L0|d_reg:\R1:9:sem_xor:D1" ;
+------+-------+----------+---------------------------------------------------------------------------------------------------------+
; Port ; Type  ; Severity ; Details                                                                                                 ;
+------+-------+----------+---------------------------------------------------------------------------------------------------------+
; load ; Input ; Info     ; Stuck at VCC                                                                                            ;
+------+-------+----------+---------------------------------------------------------------------------------------------------------+


+------------------------------------------------------------------------------------------------------------------------------------+
; Port Connectivity Checks: "disc_datapath:data|num_gen_disc:n_g|rand_num_disc:rand_num_discber_gen|lfsr:L0|d_reg:\R1:10:com_xor:D0" ;
+------+-------+----------+----------------------------------------------------------------------------------------------------------+
; Port ; Type  ; Severity ; Details                                                                                                  ;
+------+-------+----------+----------------------------------------------------------------------------------------------------------+
; load ; Input ; Info     ; Stuck at VCC                                                                                             ;
+------+-------+----------+----------------------------------------------------------------------------------------------------------+


+------------------------------------------------------------------------------------------------------------------------------------+
; Port Connectivity Checks: "disc_datapath:data|num_gen_disc:n_g|rand_num_disc:rand_num_discber_gen|lfsr:L0|d_reg:\R1:11:com_xor:D0" ;
+------+-------+----------+----------------------------------------------------------------------------------------------------------+
; Port ; Type  ; Severity ; Details                                                                                                  ;
+------+-------+----------+----------------------------------------------------------------------------------------------------------+
; load ; Input ; Info     ; Stuck at VCC                                                                                             ;
+------+-------+----------+----------------------------------------------------------------------------------------------------------+


+--------------------------------------------------------------------------------------------------------------------+
; Port Connectivity Checks: "disc_datapath:data|num_gen_disc:n_g|rand_num_disc:rand_num_discber_gen|lfsr:L0"         ;
+----------+--------+----------+-------------------------------------------------------------------------------------+
; Port     ; Type   ; Severity ; Details                                                                             ;
+----------+--------+----------+-------------------------------------------------------------------------------------+
; q[11..2] ; Output ; Info     ; Connected to dangling logic. Logic that only feeds a dangling port will be removed. ;
+----------+--------+----------+-------------------------------------------------------------------------------------+


+-----------------------------------------------------+
; Post-Synthesis Netlist Statistics for Top Partition ;
+-----------------------+-----------------------------+
; Type                  ; Count                       ;
+-----------------------+-----------------------------+
; arriav_ff             ; 41                          ;
;     CLR               ; 13                          ;
;     ENA               ; 6                           ;
;     ENA SCLR          ; 10                          ;
;     plain             ; 12                          ;
; arriav_lcell_comb     ; 51                          ;
;     normal            ; 51                          ;
;         0 data inputs ; 1                           ;
;         1 data inputs ; 2                           ;
;         2 data inputs ; 11                          ;
;         3 data inputs ; 11                          ;
;         4 data inputs ; 7                           ;
;         5 data inputs ; 17                          ;
;         6 data inputs ; 2                           ;
; boundary_port         ; 35                          ;
;                       ;                             ;
; Max LUT depth         ; 3.00                        ;
; Average LUT depth     ; 1.44                        ;
+-----------------------+-----------------------------+


+-------------------------------+
; Elapsed Time Per Partition    ;
+----------------+--------------+
; Partition Name ; Elapsed Time ;
+----------------+--------------+
; Top            ; 00:00:03     ;
+----------------+--------------+


+-------------------------------+
; Analysis & Synthesis Messages ;
+-------------------------------+
Info: *******************************************************************
Info: Running Quartus Prime Analysis & Synthesis
    Info: Version 18.1.0 Build 625 09/12/2018 SJ Standard Edition
    Info: Processing started: Mon Jul 18 21:41:31 2022
Info: Command: quartus_map --read_settings_files=on --write_settings_files=off disciple_circuit -c disciple_circuit
Warning (18236): Number of processors has not been specified which may cause overloading on shared machines.  Set the global assignment NUM_PARALLEL_PROCESSORS in your QSF to an appropriate value for best performance.
Info (20030): Parallel compilation is enabled and will use 2 of the 2 processors detected
Info (12021): Found 1 design units, including 0 entities, in source file wisdom_package.vhd
    Info (12022): Found design unit 1: wisdom_package File: C:/USP/PSI3451_wang/aula_13/wisdom_package.vhd Line: 4
Info (12021): Found 2 design units, including 1 entities, in source file reg_bank_disc.vhd
    Info (12022): Found design unit 1: reg_bank_disc-arch File: C:/USP/PSI3451_wang/aula_13/reg_bank_disc.vhd Line: 27
    Info (12023): Found entity 1: reg_bank_disc File: C:/USP/PSI3451_wang/aula_13/reg_bank_disc.vhd Line: 6
Info (12021): Found 2 design units, including 1 entities, in source file reg.vhd
    Info (12022): Found design unit 1: reg-arch File: C:/USP/PSI3451_wang/aula_13/reg.vhd Line: 22
    Info (12023): Found entity 1: reg File: C:/USP/PSI3451_wang/aula_13/reg.vhd Line: 6
Info (12021): Found 2 design units, including 1 entities, in source file rc_adder.vhd
    Info (12022): Found design unit 1: rc_adder-structural File: C:/USP/PSI3451_wang/aula_13/rc_adder.vhd Line: 20
    Info (12023): Found entity 1: rc_adder File: C:/USP/PSI3451_wang/aula_13/rc_adder.vhd Line: 4
Info (12021): Found 2 design units, including 1 entities, in source file rand_num_disc.vhd
    Info (12022): Found design unit 1: rand_num_disc-structural File: C:/USP/PSI3451_wang/aula_13/rand_num_disc.vhd Line: 19
    Info (12023): Found entity 1: rand_num_disc File: C:/USP/PSI3451_wang/aula_13/rand_num_disc.vhd Line: 6
Info (12021): Found 2 design units, including 1 entities, in source file num_gen_disc.vhd
    Info (12022): Found design unit 1: num_gen_disc-arch File: C:/USP/PSI3451_wang/aula_13/num_gen_disc.vhd Line: 22
    Info (12023): Found entity 1: num_gen_disc File: C:/USP/PSI3451_wang/aula_13/num_gen_disc.vhd Line: 7
Info (12021): Found 2 design units, including 1 entities, in source file lfsr.vhd
    Info (12022): Found design unit 1: lfsr-estrutural File: C:/USP/PSI3451_wang/aula_13/lfsr.vhd Line: 16
    Info (12023): Found entity 1: lfsr File: C:/USP/PSI3451_wang/aula_13/lfsr.vhd Line: 6
Info (12021): Found 2 design units, including 1 entities, in source file full_adder.vhd
    Info (12022): Found design unit 1: full_adder_1-dataflow File: C:/USP/PSI3451_wang/aula_13/full_adder.vhd Line: 15
    Info (12023): Found entity 1: full_adder_1 File: C:/USP/PSI3451_wang/aula_13/full_adder.vhd Line: 4
Info (12021): Found 2 design units, including 1 entities, in source file fsm_disc.vhd
    Info (12022): Found design unit 1: fsm_disc-arch File: C:/USP/PSI3451_wang/aula_13/fsm_disc.vhd Line: 29
    Info (12023): Found entity 1: fsm_disc File: C:/USP/PSI3451_wang/aula_13/fsm_disc.vhd Line: 8
Info (12021): Found 2 design units, including 1 entities, in source file disciple_circuit.vhd
    Info (12022): Found design unit 1: disciple_circuit-arch File: C:/USP/PSI3451_wang/aula_13/disciple_circuit.vhd Line: 29
    Info (12023): Found entity 1: disciple_circuit File: C:/USP/PSI3451_wang/aula_13/disciple_circuit.vhd Line: 7
Info (12021): Found 2 design units, including 1 entities, in source file disc_datapath.vhd
    Info (12022): Found design unit 1: disc_datapath-arch File: C:/USP/PSI3451_wang/aula_13/disc_datapath.vhd Line: 32
    Info (12023): Found entity 1: disc_datapath File: C:/USP/PSI3451_wang/aula_13/disc_datapath.vhd Line: 5
Info (12021): Found 2 design units, including 1 entities, in source file d_reg.vhd
    Info (12022): Found design unit 1: d_reg-arch File: C:/USP/PSI3451_wang/aula_13/d_reg.vhd Line: 19
    Info (12023): Found entity 1: d_reg File: C:/USP/PSI3451_wang/aula_13/d_reg.vhd Line: 6
Info (12021): Found 2 design units, including 1 entities, in source file coll_ovf_disc.vhd
    Info (12022): Found design unit 1: coll_ovf_disc-arch File: C:/USP/PSI3451_wang/aula_13/coll_ovf_disc.vhd Line: 16
    Info (12023): Found entity 1: coll_ovf_disc File: C:/USP/PSI3451_wang/aula_13/coll_ovf_disc.vhd Line: 5
Info (12021): Found 2 design units, including 1 entities, in source file code_gen.vhd
    Info (12022): Found design unit 1: code_gen-arch File: C:/USP/PSI3451_wang/aula_13/code_gen.vhd Line: 26
    Info (12023): Found entity 1: code_gen File: C:/USP/PSI3451_wang/aula_13/code_gen.vhd Line: 17
Info (12021): Found 2 design units, including 1 entities, in source file alu.vhd
    Info (12022): Found design unit 1: alu-with_RCA File: C:/USP/PSI3451_wang/aula_13/alu.vhd Line: 41
    Info (12023): Found entity 1: alu File: C:/USP/PSI3451_wang/aula_13/alu.vhd Line: 24
Info (12127): Elaborating entity "disciple_circuit" for the top level hierarchy
Info (12128): Elaborating entity "fsm_disc" for hierarchy "fsm_disc:control" File: C:/USP/PSI3451_wang/aula_13/disciple_circuit.vhd Line: 105
Info (12128): Elaborating entity "disc_datapath" for hierarchy "disc_datapath:data" File: C:/USP/PSI3451_wang/aula_13/disciple_circuit.vhd Line: 126
Info (12128): Elaborating entity "num_gen_disc" for hierarchy "disc_datapath:data|num_gen_disc:n_g" File: C:/USP/PSI3451_wang/aula_13/disc_datapath.vhd Line: 123
Info (12128): Elaborating entity "rand_num_disc" for hierarchy "disc_datapath:data|num_gen_disc:n_g|rand_num_disc:rand_num_discber_gen" File: C:/USP/PSI3451_wang/aula_13/num_gen_disc.vhd Line: 50
Warning (10036): Verilog HDL or VHDL warning at rand_num_disc.vhd(31): object "q2" assigned a value but never read File: C:/USP/PSI3451_wang/aula_13/rand_num_disc.vhd Line: 31
Info (12128): Elaborating entity "lfsr" for hierarchy "disc_datapath:data|num_gen_disc:n_g|rand_num_disc:rand_num_discber_gen|lfsr:L0" File: C:/USP/PSI3451_wang/aula_13/rand_num_disc.vhd Line: 37
Info (12128): Elaborating entity "d_reg" for hierarchy "disc_datapath:data|num_gen_disc:n_g|rand_num_disc:rand_num_discber_gen|lfsr:L0|d_reg:\R1:11:com_xor:D0" File: C:/USP/PSI3451_wang/aula_13/lfsr.vhd Line: 38
Info (12128): Elaborating entity "reg_bank_disc" for hierarchy "disc_datapath:data|reg_bank_disc:rb" File: C:/USP/PSI3451_wang/aula_13/disc_datapath.vhd Line: 136
Info (12128): Elaborating entity "reg" for hierarchy "disc_datapath:data|reg_bank_disc:rb|reg:reg_DISC" File: C:/USP/PSI3451_wang/aula_13/reg_bank_disc.vhd Line: 69
Info (12128): Elaborating entity "alu" for hierarchy "disc_datapath:data|alu:alu_1" File: C:/USP/PSI3451_wang/aula_13/disc_datapath.vhd Line: 150
Warning (10036): Verilog HDL or VHDL warning at alu.vhd(66): object "carry_out_s" assigned a value but never read File: C:/USP/PSI3451_wang/aula_13/alu.vhd Line: 66
Info (12128): Elaborating entity "rc_adder" for hierarchy "disc_datapath:data|alu:alu_1|rc_adder:add" File: C:/USP/PSI3451_wang/aula_13/alu.vhd Line: 74
Info (12128): Elaborating entity "full_adder_1" for hierarchy "disc_datapath:data|alu:alu_1|rc_adder:add|full_adder_1:adder_1" File: C:/USP/PSI3451_wang/aula_13/rc_adder.vhd Line: 37
Info (12128): Elaborating entity "code_gen" for hierarchy "disc_datapath:data|code_gen:c_g" File: C:/USP/PSI3451_wang/aula_13/disc_datapath.vhd Line: 161
Info (12128): Elaborating entity "coll_ovf_disc" for hierarchy "disc_datapath:data|coll_ovf_disc:dut" File: C:/USP/PSI3451_wang/aula_13/disc_datapath.vhd Line: 167
Warning (13024): Output pins are stuck at VCC or GND
    Warning (13410): Pin "disc_data[1]" is stuck at GND File: C:/USP/PSI3451_wang/aula_13/disciple_circuit.vhd Line: 19
    Warning (13410): Pin "disc_data[4]" is stuck at GND File: C:/USP/PSI3451_wang/aula_13/disciple_circuit.vhd Line: 19
    Warning (13410): Pin "disc_data[5]" is stuck at GND File: C:/USP/PSI3451_wang/aula_13/disciple_circuit.vhd Line: 19
    Warning (13410): Pin "disc_data[6]" is stuck at GND File: C:/USP/PSI3451_wang/aula_13/disciple_circuit.vhd Line: 19
    Warning (13410): Pin "disc_data[7]" is stuck at GND File: C:/USP/PSI3451_wang/aula_13/disciple_circuit.vhd Line: 19
Info (286030): Timing-Driven Synthesis is running
Info (16010): Generating hard_block partition "hard_block:auto_generated_inst"
    Info (16011): Adding 0 node(s), including 0 DDIO, 0 PLL, 0 transceiver and 0 LCELL
Info (21057): Implemented 92 device resources after synthesis - the final resource count might be different
    Info (21058): Implemented 7 input pins
    Info (21059): Implemented 28 output pins
    Info (21061): Implemented 57 logic cells
Info: Quartus Prime Analysis & Synthesis was successful. 0 errors, 9 warnings
    Info: Peak virtual memory: 4865 megabytes
    Info: Processing ended: Mon Jul 18 21:42:17 2022
    Info: Elapsed time: 00:00:46
    Info: Total CPU time (on all processors): 00:00:48


